// Jest Snapshot v1, https://goo.gl/fbAQLP

exports[`GroupLabel should render 1`] = `
<label
  className="bx--group-label"
/>
`;
